
> fusion-thread-generator@0.5.0 test
> vitest --run


[1m[46m RUN [49m[22m [36mv4.0.16 [39m[90m/Users/mcneillm/Documents/Projects/FusionThreadsGenerator[39m

 [32m✓[39m tests/calculators.test.js [2m([22m[2m3 tests[22m[2m)[22m[32m 9[2mms[22m[39m
 [32m✓[39m tests/drills.complex.test.js [2m([22m[2m8 tests[22m[2m)[22m[32m 12[2mms[22m[39m
 [32m✓[39m tests/toolLibraryGenerator.test.js [2m([22m[2m6 tests[22m[2m)[22m[32m 38[2mms[22m[39m
 [32m✓[39m tests/calculators.exhaustive.test.js [2m([22m[2m8 tests[22m[2m)[22m[32m 19[2mms[22m[39m
 [32m✓[39m tests/WorkshopGuide.test.jsx [2m([22m[2m4 tests[22m[2m)[22m[32m 299[2mms[22m[39m
 [31m❯[39m tests/WorkshopManager.test.jsx [2m([22m[2m7 tests[22m[2m | [22m[31m2 failed[39m[2m)[22m[33m 1003[2mms[22m[39m
     [32m✓[39m should not render when isOpen is false[32m 27[2mms[22m[39m
     [32m✓[39m should render the standards tab by default[32m 61[2mms[22m[39m
     [32m✓[39m should switch to standards tab and show standards[32m 32[2mms[22m[39m
[31m     [31m×[31m should switch to tools tab and allow adding a custom drill[39m[32m 40[2mms[22m[39m
     [33m[2m✓[22m[39m should allow toggling a preset in curation tab [33m 430[2mms[22m[39m
[31m     [31m×[31m should allow bulk toggling drills in the tools tab[39m[32m 43[2mms[22m[39m
     [33m[2m✓[22m[39m should reset to standards tab when reopened [33m 367[2mms[22m[39m
 [32m✓[39m tests/drills.test.js [2m([22m[2m3 tests[22m[2m)[22m[32m 6[2mms[22m[39m
 [32m✓[39m tests/xml.validation.test.js [2m([22m[2m2 tests[22m[2m)[22m[32m 5[2mms[22m[39m
 [32m✓[39m tests/App.test.jsx [2m([22m[2m3 tests[22m[2m)[22m[33m 3053[2mms[22m[39m
     [33m[2m✓[22m[39m renders the application title [33m 1487[2mms[22m[39m
     [33m[2m✓[22m[39m renders the standard selection dropdown [33m 721[2mms[22m[39m
     [33m[2m✓[22m[39m renders the project preview tab by default [33m 842[2mms[22m[39m

[31m⎯⎯⎯⎯⎯⎯⎯[39m[1m[41m Failed Tests 2 [49m[22m[31m⎯⎯⎯⎯⎯⎯⎯[39m

[41m[1m FAIL [22m[49m tests/WorkshopManager.test.jsx[2m > [22mWorkshopManager Component[2m > [22mshould switch to tools tab and allow adding a custom drill
[41m[1m FAIL [22m[49m tests/WorkshopManager.test.jsx[2m > [22mWorkshopManager Component[2m > [22mshould allow bulk toggling drills in the tools tab
[31m[1mReferenceError[22m: newDrillName is not defined[39m
[36m [2m❯[22m WorkshopManager src/components/WorkshopManager.jsx:[2m410:213[22m[39m

[90m [2m❯[22m Object.react_stack_bottom_frame node_modules/react-dom/cjs/react-dom-client.development.js:[2m25904:20[22m[39m
[90m [2m❯[22m renderWithHooks node_modules/react-dom/cjs/react-dom-client.development.js:[2m7662:22[22m[39m
[90m [2m❯[22m updateFunctionComponent node_modules/react-dom/cjs/react-dom-client.development.js:[2m10166:19[22m[39m
[90m [2m❯[22m beginWork node_modules/react-dom/cjs/react-dom-client.development.js:[2m11778:18[22m[39m
[90m [2m❯[22m runWithFiberInDEV node_modules/react-dom/cjs/react-dom-client.development.js:[2m874:13[22m[39m
[90m [2m❯[22m performUnitOfWork node_modules/react-dom/cjs/react-dom-client.development.js:[2m17641:22[22m[39m
[90m [2m❯[22m workLoopSync node_modules/react-dom/cjs/react-dom-client.development.js:[2m17469:41[22m[39m
[90m [2m❯[22m renderRootSync node_modules/react-dom/cjs/react-dom-client.development.js:[2m17450:11[22m[39m
[90m [2m❯[22m performWorkOnRoot node_modules/react-dom/cjs/react-dom-client.development.js:[2m16583:35[22m[39m

[31m[2m⎯⎯⎯⎯⎯⎯⎯⎯⎯⎯⎯⎯⎯⎯⎯⎯⎯⎯⎯⎯⎯⎯⎯⎯[1/2]⎯[22m[39m


[2m Test Files [22m [1m[31m1 failed[39m[22m[2m | [22m[1m[32m8 passed[39m[22m[90m (9)[39m
[2m      Tests [22m [1m[31m2 failed[39m[22m[2m | [22m[1m[32m42 passed[39m[22m[90m (44)[39m
[2m   Start at [22m 13:54:39
[2m   Duration [22m 5.51s[2m (transform 1.18s, setup 2.35s, import 1.90s, tests 4.45s, environment 10.21s)[22m

